// Jest Snapshot v1, https://goo.gl/fbAQLP

exports[`FlagEt renders without crashing 1`] = `
<svg
  viewBox="0 0 720 360"
  xmlnsXlink="http://www.w3.org/1999/xlink"
>
  <path
    d="M0 0h720v360H0z"
    fill="#da121a"
  />
  <path
    d="M0 0h720v240H0z"
    fill="#fcdd09"
  />
  <path
    d="M0 0h720v120H0z"
    fill="#078930"
  />
  <g
    transform="translate(360 180)"
  >
    <circle
      fill="#0f47af"
      r={120}
    />
    <g
      id="se519047c"
    >
      <path
        d="M0-96l-4.206 12.944 17.348 53.39h-23.13l-2.599 8h74.163l11.011-8H21.553z"
        fill="#fcdd09"
      />
      <path
        d="M25.863-35.597l30.564-42.069"
        stroke="#fcdd09"
        strokeWidth={4}
      />
    </g>
    <use
      transform="rotate(72)"
      xlinkHref="#se519047c"
    />
    <use
      transform="rotate(144)"
      xlinkHref="#se519047c"
    />
    <use
      transform="rotate(216)"
      xlinkHref="#se519047c"
    />
    <use
      transform="rotate(288)"
      xlinkHref="#se519047c"
    />
  </g>
</svg>
`;
