// Jest Snapshot v1, https://goo.gl/fbAQLP

exports[`FlagCl renders without crashing 1`] = `
<svg
  viewBox="-4 -4 24 16"
  xmlnsXlink="http://www.w3.org/1999/xlink"
>
  <path
    d="M20 12H-4V-4h24z"
    fill="#d52b1e"
  />
  <path
    d="M4 4h16v-8H-4z"
    fill="#fff"
  />
  <path
    d="M4 4h-8v-8h8z"
    fill="#0039a6"
  />
  <g
    id="s39d4d252"
  >
    <g
      id="sd7c065a0"
    >
      <path
        d="M0-2v2h1z"
        fill="#fff"
        id="s2b94775c"
        transform="rotate(18 0 -2)"
      />
      <use
        transform="scale(-1 1)"
        xlinkHref="#s2b94775c"
      />
    </g>
    <use
      transform="rotate(72)"
      xlinkHref="#sd7c065a0"
    />
  </g>
  <use
    transform="rotate(-72)"
    xlinkHref="#sd7c065a0"
  />
  <use
    transform="rotate(144)"
    xlinkHref="#s39d4d252"
  />
</svg>
`;
