// Jest Snapshot v1, https://goo.gl/fbAQLP

exports[`FlagSb renders without crashing 1`] = `
<svg
  viewBox="0 0 800 400"
  xmlnsXlink="http://www.w3.org/1999/xlink"
>
  <svg
    viewBox="0 0 800 400"
  >
    <path
      d="M0 400V0h800z"
      fill="#0051ba"
    />
    <path
      d="M0 400h800V0z"
      fill="#215b33"
    />
    <path
      d="M0 400L800 0"
      stroke="#fcd116"
      strokeWidth={36}
    />
    <g
      transform="translate(140 120)"
    >
      <g
        fill="#fff"
        id="sa931cb16"
      >
        <g
          id="s0ff378c8"
        >
          <g
            id="s7f7678ea"
          >
            <path
              d="M0-40V0h20z"
              id="sd3ee06bb"
              transform="rotate(18 0 -40)"
            />
            <use
              transform="scale(-1 1)"
              xlinkHref="#sd3ee06bb"
            />
          </g>
          <use
            transform="rotate(72)"
            xlinkHref="#s7f7678ea"
          />
        </g>
        <use
          transform="rotate(-72)"
          xlinkHref="#s7f7678ea"
        />
        <use
          transform="rotate(144)"
          xlinkHref="#s0ff378c8"
        />
      </g>
      <g
        id="s9554276b"
        transform="rotate(40.6)"
      >
        <use
          id="s89fe461e"
          transform="rotate(-40.6 -104 0)"
          x={-104}
          xlinkHref="#sa931cb16"
        />
        <use
          x={208}
          xlinkHref="#s89fe461e"
        />
      </g>
      <use
        transform="scale(-1 1)"
        xlinkHref="#s9554276b"
      />
    </g>
  </svg>
</svg>
`;
