// Jest Snapshot v1, https://goo.gl/fbAQLP

exports[`FlagMv renders without crashing 1`] = `
<svg
  viewBox="0 0 720 480"
>
  <path
    d="M0 0h720v480H0z"
    fill="#D21034"
  />
  <g
    fill="#007E3A"
  >
    <path
      d="M120 120h480v240H120z"
    />
    <circle
      cx={390}
      cy={240}
      fill="#FFF"
      r={80}
    />
    <circle
      cx={420}
      cy={240}
      r={80}
    />
  </g>
</svg>
`;
