// Jest Snapshot v1, https://goo.gl/fbAQLP

exports[`FlagCg renders without crashing 1`] = `
<svg
  viewBox="0 0 3 2"
>
  <path
    d="M0 0h3v2H0z"
    fill="#009543"
  />
  <path
    d="M0 2l2-2h1v2z"
    fill="#FBDE4A"
  />
  <path
    d="M3 0v2H1z"
    fill="#DC241F"
  />
</svg>
`;
