// Jest Snapshot v1, https://goo.gl/fbAQLP

exports[`FlagBh renders without crashing 1`] = `
<svg
  viewBox="0 0 150 90"
>
  <path
    d="M0 0h150v90H0"
    fill="#fff"
  />
  <path
    d="M150 0H37l23 9-23 9 23 9-23 9 23 9-23 9 23 9-23 9 23 9-23 9h113"
    fill="#ce1126"
  />
</svg>
`;
