// Jest Snapshot v1, https://goo.gl/fbAQLP

exports[`FlagDz renders without crashing 1`] = `
<svg
  viewBox="0 0 900 600"
>
  <path
    d="M0 0h900v600H0z"
    fill="#fff"
  />
  <path
    d="M0 0h450v600H0z"
    fill="#006233"
  />
  <path
    d="M580 225a150 150 0 1 0 0 150 120 120 0 1 1 0-150m5 75l-135-44 84 115V229l-84 115z"
    fill="#d21034"
  />
</svg>
`;
