// Jest Snapshot v1, https://goo.gl/fbAQLP

exports[`FlagTz renders without crashing 1`] = `
<svg
  viewBox="0 0 72 48"
>
  <svg
    viewBox="0 0 72 48"
  >
    <path
      d="M0 48V0h72z"
      fill="#1eb53a"
    />
    <path
      d="M0 48h72V0z"
      fill="#00a3dd"
    />
    <path
      d="M0 48L72 0"
      stroke="#fcd116"
      strokeWidth={19}
    />
    <path
      d="M0 48L72 0"
      stroke="#000"
      strokeWidth={13}
    />
  </svg>
</svg>
`;
