// Jest Snapshot v1, https://goo.gl/fbAQLP

exports[`FlagNz renders without crashing 1`] = `
<svg
  viewBox="0 0 1200 600"
  xmlnsXlink="http://www.w3.org/1999/xlink"
>
  <defs>
    <clipPath
      id="sa3487802"
    >
      <path
        d="M0 0h600v300H0z"
      />
    </clipPath>
    <clipPath
      id="sa841c70d"
    >
      <path
        d="M0 0l300 150H0zm300 0h300L300 150zm0 150h300v150zm0 0v150H0z"
      />
    </clipPath>
    <g
      id="s4ed22915"
    >
      <g
        id="s7f67afd8"
      >
        <path
          d="M0 0v.5L1 0z"
          transform="translate(0 -.325)"
        />
        <path
          d="M0 0v-.5L1 0z"
          transform="rotate(-36 .5 -.162)"
        />
      </g>
      <use
        transform="scale(-1 1)"
        xlinkHref="#s7f67afd8"
      />
      <use
        transform="rotate(72 0 0)"
        xlinkHref="#s7f67afd8"
      />
      <use
        transform="rotate(-72 0 0)"
        xlinkHref="#s7f67afd8"
      />
      <use
        transform="scale(-1 1) rotate(72)"
        xlinkHref="#s7f67afd8"
      />
    </g>
  </defs>
  <path
    d="M0 0h1200v600H0z"
    fill="#00247d"
  />
  <path
    clipPath="url(#sa3487802)"
    d="M0 0l600 300M0 300L600 0"
    stroke="#fff"
    strokeWidth={60}
  />
  <path
    clipPath="url(#sa841c70d)"
    d="M0 0l600 300M0 300L600 0"
    stroke="#cc142b"
    strokeWidth={40}
  />
  <path
    clipPath="url(#sa3487802)"
    d="M300 0v300M0 150h600"
    stroke="#fff"
    strokeWidth={100}
  />
  <path
    clipPath="url(#sa3487802)"
    d="M300 0v300M0 150h600"
    stroke="#cc142b"
    strokeWidth={60}
  />
  <g>
    <use
      fill="#fff"
      transform="matrix(45.4 0 0 45.4 900 120)"
      xlinkHref="#s4ed22915"
    />
    <use
      fill="#cc142b"
      transform="matrix(30 0 0 30 900 120)"
      xlinkHref="#s4ed22915"
    />
    <g
      transform="rotate(82 900 240)"
    >
      <use
        fill="#fff"
        transform="rotate(-82 519.022 -457.666) scale(40.4)"
        xlinkHref="#s4ed22915"
      />
      <use
        fill="#cc142b"
        transform="rotate(-82 519.022 -457.666) scale(25)"
        xlinkHref="#s4ed22915"
      />
    </g>
    <g
      transform="rotate(82 900 240)"
    >
      <use
        fill="#fff"
        transform="rotate(-82 668.57 -327.666) scale(45.4)"
        xlinkHref="#s4ed22915"
      />
      <use
        fill="#cc142b"
        transform="rotate(-82 668.57 -327.666) scale(30)"
        xlinkHref="#s4ed22915"
      />
    </g>
    <g>
      <use
        fill="#fff"
        transform="matrix(50.4 0 0 50.4 900 480)"
        xlinkHref="#s4ed22915"
      />
      <use
        fill="#cc142b"
        transform="matrix(35 0 0 35 900 480)"
        xlinkHref="#s4ed22915"
      />
    </g>
  </g>
</svg>
`;
