// Jest Snapshot v1, https://goo.gl/fbAQLP

exports[`FlagKw renders without crashing 1`] = `
<svg
  viewBox="0 0 12 6"
>
  <path
    d="M0 0h12v2H0z"
    fill="#007a3d"
  />
  <path
    d="M0 2h12v2H0z"
    fill="#fff"
  />
  <path
    d="M0 4h12v2H0z"
    fill="#ce1126"
  />
  <path
    d="M0 0l3 2v2L0 6z"
  />
</svg>
`;
