// Jest Snapshot v1, https://goo.gl/fbAQLP

exports[`FlagAz renders without crashing 1`] = `
<svg
  viewBox="0 0 1200 600"
>
  <path
    d="M0 0h1200v600H0z"
    fill="#3f9c35"
  />
  <path
    d="M0 0h1200v400H0z"
    fill="#ed2939"
  />
  <path
    d="M0 0h1200v200H0z"
    fill="#00b9e4"
  />
  <circle
    cx={580}
    cy={300}
    fill="#fff"
    r={90}
  />
  <circle
    cx={600}
    cy={300}
    fill="#ed2939"
    r={75}
  />
  <path
    d="M680 250l9.567 26.903 25.788-12.258-12.258 25.788L730 300l-26.903 9.567 12.258 25.788-25.788-12.258L680 350l-9.567-26.903-25.788 12.258 12.258-25.788L630 300l26.903-9.567-12.258-25.788 25.788 12.258L680 250z"
    fill="#fff"
  />
</svg>
`;
