// Jest Snapshot v1, https://goo.gl/fbAQLP

exports[`FlagMl renders without crashing 1`] = `
<svg
  viewBox="0 0 450 300"
>
  <path
    d="M0 0h450v300H0z"
    fill="#CE1126"
  />
  <path
    d="M0 0h300v300H0z"
    fill="#FCD116"
  />
  <path
    d="M0 0h150v300H0z"
    fill="#14B53A"
  />
</svg>
`;
