// Jest Snapshot v1, https://goo.gl/fbAQLP

exports[`FlagGh renders without crashing 1`] = `
<svg
  viewBox="0 0 450 300"
>
  <path
    d="M0 0h450v300H0z"
    fill="#006b3f"
  />
  <path
    d="M0 0h450v200H0z"
    fill="#fcd116"
  />
  <path
    d="M0 0h450v100H0z"
    fill="#ce1126"
  />
  <path
    d="M225 100l32.492 100-85.065-61.803h105.146L192.508 200z"
  />
</svg>
`;
