// Jest Snapshot v1, https://goo.gl/fbAQLP

exports[`FlagAm renders without crashing 1`] = `
<svg
  viewBox="0 0 1200 600"
>
  <path
    d="M0 0h1200v600H0z"
    fill="#F2A800"
  />
  <path
    d="M0 0h1200v400H0z"
    fill="#0033A0"
  />
  <path
    d="M0 0h1200v200H0z"
    fill="#D90012"
  />
</svg>
`;
