// Jest Snapshot v1, https://goo.gl/fbAQLP

exports[`FlagGd renders without crashing 1`] = `
<svg
  viewBox="0 0 500 300"
  xmlnsXlink="http://www.w3.org/1999/xlink"
>
  <defs>
    <g
      id="s6d4f0aa3"
    >
      <g
        id="s166eb571"
      >
        <path
          d="M0-1v1h.5"
          fill="#fcd116"
          id="sad002c60"
          transform="rotate(18 0 -1)"
        />
        <use
          transform="scale(-1 1)"
          xlinkHref="#sad002c60"
        />
      </g>
      <use
        transform="rotate(72)"
        xlinkHref="#s166eb571"
      />
      <use
        transform="rotate(144)"
        xlinkHref="#s166eb571"
      />
      <use
        transform="rotate(216)"
        xlinkHref="#s166eb571"
      />
      <use
        transform="rotate(288)"
        xlinkHref="#s166eb571"
      />
    </g>
  </defs>
  <path
    d="M0 0h500v300H0z"
    fill="#ce1126"
  />
  <path
    d="M42 42h416v216H42z"
    fill="#007a5e"
  />
  <path
    d="M42 42h416L42 258h416z"
    fill="#fcd116"
  />
  <circle
    cx={250}
    cy={150}
    fill="#ce1126"
    r={36}
  />
  <use
    transform="matrix(33 0 0 33 250 150)"
    xlinkHref="#s6d4f0aa3"
  />
  <use
    x={-100}
    xlinkHref="#s5519e543"
  />
  <use
    id="s5519e543"
    transform="matrix(19.5 0 0 19.5 250 21)"
    xlinkHref="#s6d4f0aa3"
  />
  <use
    x={100}
    xlinkHref="#s5519e543"
  />
  <use
    x={-100}
    xlinkHref="#s5519e543"
    y={258}
  />
  <use
    xlinkHref="#s5519e543"
    y={258}
  />
  <use
    x={100}
    xlinkHref="#s5519e543"
    y={258}
  />
  <path
    d="M67.749 150.41c4.504 8.39 13.265 17.52 20.916 20.73.123-8.52-2.9-19.44-7.034-28.14l-13.882 7.41z"
    fill="#ce1126"
  />
  <path
    d="M60.112 121.63c6.529 13.61-16.933 46.08 22.156 53.69-4.822-6.58-7.931-17.44-6.755-26.16 8.201 3.12 16.83 12.25 20.317 19.23 10.23-37.15-26.24-34.89-35.718-46.76z"
    fill="#fcd116"
  />
</svg>
`;
