// Jest Snapshot v1, https://goo.gl/fbAQLP

exports[`FlagTl renders without crashing 1`] = `
<svg
  viewBox="-3 -6 24 12"
  xmlnsXlink="http://www.w3.org/1999/xlink"
>
  <path
    d="M21 6V-6H-3V6z"
    fill="#dc241f"
  />
  <path
    d="M-3-6V6L9 0z"
    fill="#ffc726"
  />
  <path
    d="M-3-6V6l8-6z"
  />
  <g
    transform="rotate(-26.565)"
  >
    <g
      id="s21cd84c8"
    >
      <g
        id="s74890357"
      >
        <path
          d="M0-2.1V0h1z"
          fill="#fff"
          id="s152cec9a"
          transform="rotate(18 0 -2.1)"
        />
        <use
          transform="scale(-1 1)"
          xlinkHref="#s152cec9a"
        />
      </g>
      <use
        transform="rotate(72)"
        xlinkHref="#s74890357"
      />
    </g>
    <use
      transform="rotate(-72)"
      xlinkHref="#s74890357"
    />
    <use
      transform="rotate(144)"
      xlinkHref="#s21cd84c8"
    />
  </g>
</svg>
`;
