// Jest Snapshot v1, https://goo.gl/fbAQLP

exports[`FlagLa renders without crashing 1`] = `
<svg
  viewBox="0 0 600 400"
>
  <path
    d="M0 0h600v400H0z"
    fill="#ce1126"
  />
  <path
    d="M0 100h600v200H0z"
    fill="#002868"
  />
  <circle
    cx={300}
    cy={200}
    fill="#fff"
    r={80}
  />
</svg>
`;
