// Jest Snapshot v1, https://goo.gl/fbAQLP

exports[`FlagTd renders without crashing 1`] = `
<svg
  viewBox="0 0 450 300"
>
  <path
    d="M0 0h450v300H0z"
    fill="#C60C30"
  />
  <path
    d="M0 0h300v300H0z"
    fill="#FECB00"
  />
  <path
    d="M0 0h150v300H0z"
    fill="#002664"
  />
</svg>
`;
