// Jest Snapshot v1, https://goo.gl/fbAQLP

exports[`FlagMm renders without crashing 1`] = `
<svg
  viewBox="0 0 18 12"
  xmlnsXlink="http://www.w3.org/1999/xlink"
>
  <path
    d="M0 0h18v6H0z"
    fill="#FECB00"
  />
  <path
    d="M0 6h18v6H0z"
    fill="#EA2839"
  />
  <path
    d="M0 4h18v4H0z"
    fill="#34B233"
  />
  <g
    transform="translate(9 6.422) scale(4.422)"
  >
    <path
      d="M-.325 0L0-1l.325 1z"
      fill="#FFF"
      id="s363654a1"
    />
    <use
      transform="rotate(-144)"
      xlinkHref="#s363654a1"
    />
    <use
      transform="rotate(-72)"
      xlinkHref="#s363654a1"
    />
    <use
      transform="rotate(72)"
      xlinkHref="#s363654a1"
    />
    <use
      transform="rotate(144)"
      xlinkHref="#s363654a1"
    />
  </g>
</svg>
`;
