// Jest Snapshot v1, https://goo.gl/fbAQLP

exports[`FlagCn renders without crashing 1`] = `
<svg
  viewBox="0 0 30 20"
  xmlnsXlink="http://www.w3.org/1999/xlink"
>
  <defs>
    <path
      d="M0-1L.588.809-.952-.309H.952L-.588.809z"
      fill="#ffde00"
      id="sd8bd4f91"
    />
  </defs>
  <path
    d="M0 0h30v20H0z"
    fill="#de2910"
  />
  <use
    transform="matrix(3 0 0 3 5 5)"
    xlinkHref="#sd8bd4f91"
  />
  <use
    transform="rotate(23.036 .093 25.536)"
    xlinkHref="#sd8bd4f91"
  />
  <use
    transform="rotate(45.87 1.273 16.18)"
    xlinkHref="#sd8bd4f91"
  />
  <use
    transform="rotate(69.945 .996 12.078)"
    xlinkHref="#sd8bd4f91"
  />
  <use
    transform="rotate(20.66 -19.689 31.932)"
    xlinkHref="#sd8bd4f91"
  />
</svg>
`;
